GAMS 46.2.0  ac4adda6 Mar 5, 2024           WEX-WEI x86 64bit/MS Windows - 07/04/24 00:32:05 Page 1
G e n e r a l   A l g e b r a i c   M o d e l i n g   S y s t e m
C o m p i l a t i o n


INCLUDE    C:\Users\sebas\Documents\CloudDrive\Uni\SS24\ResEco\gamsFiles\ownFiles\testData.gms
   2   
   3   
   4  Sets
   5   
   6  region                   /r1*r3/
   7  consumer(region)         /r1*r2/
   8  supplier(region)         /r1*r3/
   9   
  10  alias(region,regionB)
  11  ;
  12   
  13   
  14   
  15   
  16   
  17  Parameter
  18  *baseUtility(region)                     /r1  60, r2  60, r3 0/
  19  MaxConsumption(region)                  /r1  100, r2  200, r3 100/
  20   
  21  ProductionCosts(supplier)               /r1  8, r2  10, r3  15/
  22  ProductionCap(supplier)                 /r1  50, r2  100, r3 200/
  23  SlopeDemand(region)                     /r1 -1, r2 -1, r3 -1/
  24  ;
  25   
  26   
  27  Parameter Table
  28  TransportationCosts(region, regionB)
  29      r1      r2      r3
  30  r1  0       1       2
  31  r2  1       0       1
  32  r3  2       1       0
  33  ;
  34   
  35  Parameter Table
  36  TransportationCap(supplier, regionB)
  37      r1      r2      r3
  38  r1  100     100     100
  39  r2  100     100     100
  40  r3  50      100     150
  41  ;
  42  *$include realData.gms
  43   
  44   
  45  Positive Variable
  46  transport(region, regionB)
  47  *is supplier here necessary?
  48  Variables
  49  quantities_demand(region)
  50  consumerSurplus(region)
  51  Mu_de_low(region)
  52  Mu_de_up(region)
  53   
  54  quantities_sold(supplier, region)
  55  quantities_prod(supplier)
  56   
  57  mu_transCap_low
  58  mu_transCap_up
  59   
  60  mu_sellCap
  61   
  62  mu_prodCap_low
  63  mu_prodCap_up
  64   
  65  price(region)
  66   
  67  ;
  68   
  69  Mu_de_low.lo(region)  = 0;
  70  Mu_de_up.lo(region)  = 0;
  71   
  72  mu_transCap_low.lo(supplier, region)  = 0;
  73  mu_transCap_up.lo(supplier, region)  = 0;
  74   
  75  mu_prodCap_low.lo(supplier)  = 0;
  76  mu_prodCap_up.lo(supplier)  = 0;
  77   
  78   
  79  Variable
  80  mu_sellCap
  81   
  82  ;
  83  Equations
  84   
  85   
  86  *demand
      maxConsumer
      con_consumer_low
      con_consumer_up
  92   
  93  *supplier
  94  maxSupplier_q_sell
  95  maxSupplier_q_prod
  96  con_supplier_transCap_low(supplier, region)
  97  con_supplier_transCap_up(supplier, region)
  98   
  99  con_supplier_sellCap(supplier)
 100   
 101  con_supplier_prodCap_low(supplier)
 102  con_supplier_prodCap_up(supplier)
 103   
 104  *overall
 105  *balanceEqu
 106  price_EQ
 107  ;
 108   
 109  *demand
      maxConsumer(region)..                           price(region) - baseUtility(region) + Mu_de_low(region) - Mu_de_up(region) =e= 0;
      con_consumer_low(region)..                      quantities_demand(region) =g= 0;
      con_consumer_up(region)..                       MaxConsumption(region) - quantities_demand(region) =g= 0;
 115  *supplier
 116   
 117  maxSupplier_q_sell(supplier, region)..          (TransportationCosts(supplier, region)-price(region))
 118                                                  + mu_transCap_low(supplier, region)
 119                                                  - mu_transCap_up(supplier, region)
 120                                                  + mu_sellCap(supplier)
 121                                                  =e= 0;
 122   
 123  maxSupplier_q_prod(supplier)..                  ProductionCosts(supplier)
 124                                                  -mu_sellCap(supplier)
 125                                                  +mu_prodCap_low(supplier)
 126                                                  -mu_prodCap_up(supplier)
 127                                                  =e= 0;
 128   
 129  *transCap
 130  con_supplier_transCap_low(supplier, region)..     quantities_sold(supplier,region) =g= 0;
 131  con_supplier_transCap_up(supplier, region)..      TransportationCap(supplier, region) - quantities_sold(supplier,region) =g= 0;
 132   
 133  *sellCap
 134  con_supplier_sellCap(supplier)..                    quantities_prod(supplier) - sum((region), quantities_sold(supplier, region)) =g= 0;
 135   
 136  *prodCap
 137  con_supplier_prodCap_low(supplier)..              quantities_prod(supplier) =g= 0;
 138  con_supplier_prodCap_up(supplier)..               ProductionCap(supplier) - quantities_prod(supplier)=g= 0;
 139   
 140  *overall
 141  *balanceEqu(region)..                            sum((supplier), quantities_sold(supplier, region)) - quantities_demand(region) =e= 0;
 142  price_EQ(region)..                              price(region) =e= (SlopeDemand(region)*sum(supplier, quantities_sold(supplier, region))) / MaxConsumption(region);
 143  model cournot /
 144  *balanceEqu.price,
 145  price_EQ.price,
 146  *demand
      maxConsumer.quantities_demand,
      con_consumer_low.Mu_de_low,
      con_consumer_up.Mu_de_up,
 152  *supplier
 153  maxSupplier_q_sell.quantities_sold,
 154  maxSupplier_q_prod.quantities_prod,
 155  *transCap
 156  con_supplier_transCap_low.mu_transCap_low,
 157  con_supplier_transCap_up.mu_transCap_up,
 158  *sellCap
 159   
 160  con_supplier_sellCap.mu_sellCap,
 161  *prodCap
 162  con_supplier_prodCap_low.mu_prodCap_low,
 163  con_supplier_prodCap_up.mu_prodCap_up
 164  /;
 165   
 166  Solve cournot using mcp;
GAMS 46.2.0  ac4adda6 Mar 5, 2024           WEX-WEI x86 64bit/MS Windows - 07/04/24 00:32:05 Page 2
G e n e r a l   A l g e b r a i c   M o d e l i n g   S y s t e m
Include File Summary


   SEQ   GLOBAL TYPE      PARENT   LOCAL  FILENAME

     1        1 INPUT          0       0  C:\Users\sebas\Documents\CloudDrive\Uni\SS24\ResEco\gamsFiles\ownFiles\selfMadeOilMarket.gms
     2        1 INCLUDE        1       1  .C:\Users\sebas\Documents\CloudDrive\Uni\SS24\ResEco\gamsFiles\ownFiles\testData.gms


COMPILATION TIME     =        0.000 SECONDS      3 MB  46.2.0 ac4adda6 WEX-WEI
GAMS 46.2.0  ac4adda6 Mar 5, 2024           WEX-WEI x86 64bit/MS Windows - 07/04/24 00:32:05 Page 3
G e n e r a l   A l g e b r a i c   M o d e l i n g   S y s t e m
Equation Listing    SOLVE cournot Using MCP From line 166


---- price_EQ  =E=  

price_EQ(r1)..  0.01*quantities_sold(r1,r1) + 0.01*quantities_sold(r2,r1) + 0.01*quantities_sold(r3,r1) + price(r1) =E= 0 ; (LHS = 0)
     
price_EQ(r2)..  0.005*quantities_sold(r1,r2) + 0.005*quantities_sold(r2,r2) + 0.005*quantities_sold(r3,r2) + price(r2) =E= 0 ; (LHS = 0)
     
price_EQ(r3)..  0.01*quantities_sold(r1,r3) + 0.01*quantities_sold(r2,r3) + 0.01*quantities_sold(r3,r3) + price(r3) =E= 0 ; (LHS = 0)
     

---- maxSupplier_q_sell  =E=  

maxSupplier_q_sell(r1,r1)..  mu_transCap_low(r1,r1) - mu_transCap_up(r1,r1) + mu_sellCap(r1) - price(r1) =E= 0 ; (LHS = 0)
     
maxSupplier_q_sell(r1,r2)..  mu_transCap_low(r1,r2) - mu_transCap_up(r1,r2) + mu_sellCap(r1) - price(r2) =E= -1 ; (LHS = 0, INFES = 1 ****)
     
maxSupplier_q_sell(r1,r3)..  mu_transCap_low(r1,r3) - mu_transCap_up(r1,r3) + mu_sellCap(r1) - price(r3) =E= -2 ; (LHS = 0, INFES = 2 ****)
     
REMAINING 6 ENTRIES SKIPPED


---- maxSupplier_q_prod  =E=  

maxSupplier_q_prod(r1)..  - mu_sellCap(r1) + mu_prodCap_low(r1) - mu_prodCap_up(r1) =E= -8 ; (LHS = 0, INFES = 8 ****)
     
maxSupplier_q_prod(r2)..  - mu_sellCap(r2) + mu_prodCap_low(r2) - mu_prodCap_up(r2) =E= -10 ; (LHS = 0, INFES = 10 ****)
     
maxSupplier_q_prod(r3)..  - mu_sellCap(r3) + mu_prodCap_low(r3) - mu_prodCap_up(r3) =E= -15 ; (LHS = 0, INFES = 15 ****)
     

---- con_supplier_transCap_low  =G=  

con_supplier_transCap_low(r1,r1)..  quantities_sold(r1,r1) =G= 0 ; (LHS = 0)
     
con_supplier_transCap_low(r1,r2)..  quantities_sold(r1,r2) =G= 0 ; (LHS = 0)
     
con_supplier_transCap_low(r1,r3)..  quantities_sold(r1,r3) =G= 0 ; (LHS = 0)
     
REMAINING 6 ENTRIES SKIPPED


---- con_supplier_transCap_up  =G=  

con_supplier_transCap_up(r1,r1)..  - quantities_sold(r1,r1) =G= -100 ; (LHS = 0)
     
con_supplier_transCap_up(r1,r2)..  - quantities_sold(r1,r2) =G= -100 ; (LHS = 0)
     
con_supplier_transCap_up(r1,r3)..  - quantities_sold(r1,r3) =G= -100 ; (LHS = 0)
     
REMAINING 6 ENTRIES SKIPPED


---- con_supplier_sellCap  =G=  

con_supplier_sellCap(r1)..  - quantities_sold(r1,r1) - quantities_sold(r1,r2) - quantities_sold(r1,r3) + quantities_prod(r1) =G= 0 ; (LHS = 0)
     
con_supplier_sellCap(r2)..  - quantities_sold(r2,r1) - quantities_sold(r2,r2) - quantities_sold(r2,r3) + quantities_prod(r2) =G= 0 ; (LHS = 0)
     
con_supplier_sellCap(r3)..  - quantities_sold(r3,r1) - quantities_sold(r3,r2) - quantities_sold(r3,r3) + quantities_prod(r3) =G= 0 ; (LHS = 0)
     

---- con_supplier_prodCap_low  =G=  

con_supplier_prodCap_low(r1)..  quantities_prod(r1) =G= 0 ; (LHS = 0)
     
con_supplier_prodCap_low(r2)..  quantities_prod(r2) =G= 0 ; (LHS = 0)
     
con_supplier_prodCap_low(r3)..  quantities_prod(r3) =G= 0 ; (LHS = 0)
     

---- con_supplier_prodCap_up  =G=  

con_supplier_prodCap_up(r1)..  - quantities_prod(r1) =G= -50 ; (LHS = 0)
     
con_supplier_prodCap_up(r2)..  - quantities_prod(r2) =G= -100 ; (LHS = 0)
     
con_supplier_prodCap_up(r3)..  - quantities_prod(r3) =G= -200 ; (LHS = 0)
     
GAMS 46.2.0  ac4adda6 Mar 5, 2024           WEX-WEI x86 64bit/MS Windows - 07/04/24 00:32:05 Page 4
G e n e r a l   A l g e b r a i c   M o d e l i n g   S y s t e m
Column Listing      SOLVE cournot Using MCP From line 166


---- quantities_sold  

quantities_sold(r1,r1)
                (.LO, .L, .UP, .M = -INF, 0, +INF, 0)
        0.01    price_EQ(r1)
        1       con_supplier_transCap_low(r1,r1)
       -1       con_supplier_transCap_up(r1,r1)
       -1       con_supplier_sellCap(r1)

quantities_sold(r1,r2)
                (.LO, .L, .UP, .M = -INF, 0, +INF, 0)
        0.005   price_EQ(r2)
        1       con_supplier_transCap_low(r1,r2)
       -1       con_supplier_transCap_up(r1,r2)
       -1       con_supplier_sellCap(r1)

quantities_sold(r1,r3)
                (.LO, .L, .UP, .M = -INF, 0, +INF, 0)
        0.01    price_EQ(r3)
        1       con_supplier_transCap_low(r1,r3)
       -1       con_supplier_transCap_up(r1,r3)
       -1       con_supplier_sellCap(r1)

REMAINING 6 ENTRIES SKIPPED

---- quantities_prod  

quantities_prod(r1)
                (.LO, .L, .UP, .M = -INF, 0, +INF, 0)
        1       con_supplier_sellCap(r1)
        1       con_supplier_prodCap_low(r1)
       -1       con_supplier_prodCap_up(r1)

quantities_prod(r2)
                (.LO, .L, .UP, .M = -INF, 0, +INF, 0)
        1       con_supplier_sellCap(r2)
        1       con_supplier_prodCap_low(r2)
       -1       con_supplier_prodCap_up(r2)

quantities_prod(r3)
                (.LO, .L, .UP, .M = -INF, 0, +INF, 0)
        1       con_supplier_sellCap(r3)
        1       con_supplier_prodCap_low(r3)
       -1       con_supplier_prodCap_up(r3)


---- mu_transCap_low  

mu_transCap_low(r1,r1)
                (.LO, .L, .UP, .M = 0, 0, +INF, 0)
        1       maxSupplier_q_sell(r1,r1)

mu_transCap_low(r1,r2)
                (.LO, .L, .UP, .M = 0, 0, +INF, 0)
        1       maxSupplier_q_sell(r1,r2)

mu_transCap_low(r1,r3)
                (.LO, .L, .UP, .M = 0, 0, +INF, 0)
        1       maxSupplier_q_sell(r1,r3)

REMAINING 6 ENTRIES SKIPPED

---- mu_transCap_up  

mu_transCap_up(r1,r1)
                (.LO, .L, .UP, .M = 0, 0, +INF, 0)
       -1       maxSupplier_q_sell(r1,r1)

mu_transCap_up(r1,r2)
                (.LO, .L, .UP, .M = 0, 0, +INF, 0)
       -1       maxSupplier_q_sell(r1,r2)

mu_transCap_up(r1,r3)
                (.LO, .L, .UP, .M = 0, 0, +INF, 0)
       -1       maxSupplier_q_sell(r1,r3)

REMAINING 6 ENTRIES SKIPPED

---- mu_sellCap  

mu_sellCap(r1)
                (.LO, .L, .UP, .M = -INF, 0, +INF, 0)
        1       maxSupplier_q_sell(r1,r1)
        1       maxSupplier_q_sell(r1,r2)
        1       maxSupplier_q_sell(r1,r3)
       -1       maxSupplier_q_prod(r1)

mu_sellCap(r2)
                (.LO, .L, .UP, .M = -INF, 0, +INF, 0)
        1       maxSupplier_q_sell(r2,r1)
        1       maxSupplier_q_sell(r2,r2)
        1       maxSupplier_q_sell(r2,r3)
       -1       maxSupplier_q_prod(r2)

mu_sellCap(r3)
                (.LO, .L, .UP, .M = -INF, 0, +INF, 0)
        1       maxSupplier_q_sell(r3,r1)
        1       maxSupplier_q_sell(r3,r2)
        1       maxSupplier_q_sell(r3,r3)
       -1       maxSupplier_q_prod(r3)


---- mu_prodCap_low  

mu_prodCap_low(r1)
                (.LO, .L, .UP, .M = 0, 0, +INF, 0)
        1       maxSupplier_q_prod(r1)

mu_prodCap_low(r2)
                (.LO, .L, .UP, .M = 0, 0, +INF, 0)
        1       maxSupplier_q_prod(r2)

mu_prodCap_low(r3)
                (.LO, .L, .UP, .M = 0, 0, +INF, 0)
        1       maxSupplier_q_prod(r3)


---- mu_prodCap_up  

mu_prodCap_up(r1)
                (.LO, .L, .UP, .M = 0, 0, +INF, 0)
       -1       maxSupplier_q_prod(r1)

mu_prodCap_up(r2)
                (.LO, .L, .UP, .M = 0, 0, +INF, 0)
       -1       maxSupplier_q_prod(r2)

mu_prodCap_up(r3)
                (.LO, .L, .UP, .M = 0, 0, +INF, 0)
       -1       maxSupplier_q_prod(r3)


---- price  

price(r1)
                (.LO, .L, .UP, .M = -INF, 0, +INF, 0)
        1       price_EQ(r1)
       -1       maxSupplier_q_sell(r1,r1)
       -1       maxSupplier_q_sell(r2,r1)
       -1       maxSupplier_q_sell(r3,r1)

price(r2)
                (.LO, .L, .UP, .M = -INF, 0, +INF, 0)
        1       price_EQ(r2)
       -1       maxSupplier_q_sell(r1,r2)
       -1       maxSupplier_q_sell(r2,r2)
       -1       maxSupplier_q_sell(r3,r2)

price(r3)
                (.LO, .L, .UP, .M = -INF, 0, +INF, 0)
        1       price_EQ(r3)
       -1       maxSupplier_q_sell(r1,r3)
       -1       maxSupplier_q_sell(r2,r3)
       -1       maxSupplier_q_sell(r3,r3)

GAMS 46.2.0  ac4adda6 Mar 5, 2024           WEX-WEI x86 64bit/MS Windows - 07/04/24 00:32:05 Page 5
G e n e r a l   A l g e b r a i c   M o d e l i n g   S y s t e m
Range Statistics    SOLVE cournot Using MCP From line 166


RANGE STATISTICS (ABSOLUTE NON-ZERO FINITE VALUES)

RHS       [min, max] : [ 1.000E+00, 2.000E+02] - Zero values observed as well
Bound     [min, max] : [        NA,        NA] - Zero values observed as well
Matrix    [min, max] : [ 5.000E-03, 1.000E+00]

GAMS 46.2.0  ac4adda6 Mar 5, 2024           WEX-WEI x86 64bit/MS Windows - 07/04/24 00:32:05 Page 6
G e n e r a l   A l g e b r a i c   M o d e l i n g   S y s t e m
Model Statistics    SOLVE cournot Using MCP From line 166


MODEL STATISTICS

BLOCKS OF EQUATIONS           8     SINGLE EQUATIONS           42
BLOCKS OF VARIABLES           8     SINGLE VARIABLES           42
NON ZERO ELEMENTS            93     NON LINEAR N-Z              0
CODE LENGTH                   0     CONSTANT POOL              16


GENERATION TIME      =        0.000 SECONDS      4 MB  46.2.0 ac4adda6 WEX-WEI
GAMS 46.2.0  ac4adda6 Mar 5, 2024           WEX-WEI x86 64bit/MS Windows - 07/04/24 00:32:05 Page 7
G e n e r a l   A l g e b r a i c   M o d e l i n g   S y s t e m
Solution Report     SOLVE cournot Using MCP From line 166


               S O L V E      S U M M A R Y

     MODEL   cournot             
     TYPE    MCP                 
     SOLVER  PATH                FROM LINE  166

**** SOLVER STATUS     1 Normal Completion
**** MODEL STATUS      1 Optimal

 RESOURCE USAGE, LIMIT          0.000 10000000000.000
 ITERATION COUNT, LIMIT       222    2147483647
 EVALUATION ERRORS              0             0
42 row/cols, 93 non-zeros, 5.27% dense.

Path 5.0.07 (Tue Mar  5 04:38:27 2024)
Written by Todd Munson, Steven Dirkse, Youngdae Kim, and Michael Ferris

INITIAL POINT STATISTICS
Maximum of X. . . . . . . . . .  0.0000e+00 var: (price(r1))
Maximum of F. . . . . . . . . .  2.0000e+02 eqn: (con_supplier_prodCap_up(r3))
Maximum of Grad F . . . . . . .  1.0000e+00 eqn: (price_EQ(r1))
                                            var: (price(r1))

INITIAL JACOBIAN NORM STATISTICS
Maximum Row Norm. . . . . . . .  4.0000e+00 eqn: (maxSupplier_q_sell(r1,r1))
Minimum Row Norm. . . . . . . .  1.0000e+00 eqn: (con_supplier_transCap_low(r1,)
Maximum Column Norm . . . . . .  4.0000e+00 var: (price(r1))
Minimum Column Norm . . . . . .  1.0000e+00 var: (mu_transCap_low(r1,r1))

FINAL STATISTICS
Inf-Norm of Complementarity . .  2.6180e-11 eqn: (con_supplier_transCap_low(r1,)
Inf-Norm of Normal Map. . . . .  2.6180e-11 eqn: (con_supplier_transCap_low(r1,)
Inf-Norm of Minimum Map . . . .  2.6181e-11 eqn: (con_supplier_transCap_low(r1,)
Inf-Norm of Fischer Function. .  2.6180e-11 eqn: (con_supplier_transCap_low(r1,)
Inf-Norm of Grad Fischer Fcn. .  3.7332e-11 eqn: (maxSupplier_q_sell(r1,r1))
Two-Norm of Grad Fischer Fcn. .  6.3503e-11

FINAL POINT STATISTICS
Maximum of X. . . . . . . . . .  2.0000e+02 var: (quantities_prod(r3))
Maximum of F. . . . . . . . . .  2.0000e+02 eqn: (con_supplier_prodCap_low(r3))
Maximum of Grad F . . . . . . .  1.0000e+00 eqn: (price_EQ(r1))
                                            var: (price(r1))


---- EQU price_EQ  

          LOWER          LEVEL          UPPER         MARGINAL

r1          .       -3.59490E-13          .            -0.5000      
r2          .       -6.35633E-13          .       -5.77659E-13      
r3          .       -7.30083E-13          .            -3.0000      

---- EQU maxSupplier_q_sell  

             LOWER          LEVEL          UPPER         MARGINAL

r1.r1          .       2.699174E-12          .       -2.61805E-11      
r1.r2        -1.0000        -1.0000        -1.0000   -1.20044E-11      
r1.r3        -2.0000        -2.0000        -2.0000        50.0000      
r2.r1        -1.0000        -1.0000        -1.0000   -2.46048E-11      
r2.r2          .       -1.67333E-12          .       2.104628E-13      
r2.r3        -1.0000        -1.0000        -1.0000       100.0000      
r3.r1        -2.0000        -2.0000        -2.0000        50.0000      
r3.r2        -1.0000        -1.0000        -1.0000   1.989520E-13      
r3.r3          .       1.132427E-13          .           150.0000      

---- EQU maxSupplier_q_prod  

          LOWER          LEVEL          UPPER         MARGINAL

r1        -8.0000        -8.0000        -8.0000        50.0000      
r2       -10.0000       -10.0000       -10.0000       100.0000      
r3       -15.0000       -15.0000       -15.0000       200.0000      

---- EQU con_supplier_transCap_low  

             LOWER          LEVEL          UPPER         MARGINAL

r1.r1          .       -2.61805E-11        +INF            4.5000      
r1.r2          .       -1.20044E-11        +INF            4.0000      
r1.r3          .            50.0000        +INF             .          
r2.r1          .       -2.46048E-11        +INF      3.7040006E-5      
r2.r2          .       2.104628E-13        +INF            1.5000      
r2.r3          .           100.0000        +INF             .          
r3.r1          .            50.0000        +INF             .          
r3.r2          .       1.989520E-13        +INF             .          
r3.r3          .           150.0000        +INF             .          

---- EQU con_supplier_transCap_up  

             LOWER          LEVEL          UPPER         MARGINAL

r1.r1      -100.0000   2.617639E-11        +INF             .          
r1.r2      -100.0000   1.200817E-11        +INF             .          
r1.r3      -100.0000       -50.0000        +INF             .          
r2.r1      -100.0000   2.459899E-11        +INF             .          
r2.r2      -100.0000   -2.13163E-13        +INF             .          
r2.r3      -100.0000      -100.0000        +INF            2.5000      
r3.r1       -50.0000       -50.0000        +INF            1.5000      
r3.r2      -100.0000   -1.98952E-13        +INF             .          
r3.r3      -150.0000      -150.0000        +INF            2.0000      

---- EQU con_supplier_sellCap  

          LOWER          LEVEL          UPPER         MARGINAL

r1          .       1.114842E-11        +INF           -5.0000      
r2          .       -9.66338E-13        +INF           -1.5000      
r3          .       -5.68434E-13        +INF           -1.0000      

---- EQU con_supplier_prodCap_low  

          LOWER          LEVEL          UPPER         MARGINAL

r1          .            50.0000        +INF             .          
r2          .           100.0000        +INF             .          
r3          .           200.0000        +INF             .          

---- EQU con_supplier_prodCap_up  

          LOWER          LEVEL          UPPER         MARGINAL

r1       -50.0000       -50.0000        +INF           13.0000      
r2      -100.0000      -100.0000        +INF           11.5000      
r3      -200.0000      -200.0000        +INF           16.0000      

---- VAR quantities_sold  

             LOWER          LEVEL          UPPER         MARGINAL

r1.r1        -INF      -2.61805E-11        +INF      2.699174E-12      
r1.r2        -INF      -1.20044E-11        +INF      1.108447E-12      
r1.r3        -INF           50.0000        +INF      -4.50884E-12      
r2.r1        -INF      -2.46048E-11        +INF      4.179324E-12      
r2.r2        -INF      2.104628E-13        +INF      -1.67333E-12      
r2.r3        -INF          100.0000        +INF      -3.35332E-12      
r3.r1        -INF           50.0000        +INF      6.274981E-13      
r3.r2        -INF      1.989520E-13        +INF      -2.00662E-12      
r3.r3        -INF          150.0000        +INF      1.132427E-13      

---- VAR quantities_prod  

          LOWER          LEVEL          UPPER         MARGINAL

r1        -INF           50.0000        +INF      -2.23821E-12      
r2        -INF          100.0000        +INF      5.186962E-13      
r3        -INF          200.0000        +INF      -1.81011E-12      

---- VAR mu_transCap_low  

             LOWER          LEVEL          UPPER         MARGINAL

r1.r1          .             4.5000        +INF      -2.61805E-11      
r1.r2          .             4.0000        +INF      -1.20044E-11      
r1.r3          .              .            +INF           50.0000      
r2.r1          .       3.7040006E-5        +INF      -2.46048E-11      
r2.r2          .             1.5000        +INF      2.104628E-13      
r2.r3          .              .            +INF          100.0000      
r3.r1          .              .            +INF           50.0000      
r3.r2          .              .            +INF      1.989520E-13      
r3.r3          .              .            +INF          150.0000      

---- VAR mu_transCap_up  

             LOWER          LEVEL          UPPER         MARGINAL

r1.r1          .              .            +INF          100.0000      
r1.r2          .              .            +INF          100.0000      
r1.r3          .              .            +INF           50.0000      
r2.r1          .              .            +INF          100.0000      
r2.r2          .              .            +INF          100.0000      
r2.r3          .             2.5000        +INF      -2.44427E-11      
r3.r1          .             1.5000        +INF      -2.20268E-13      
r3.r2          .              .            +INF          100.0000      
r3.r3          .             2.0000        +INF      3.410605E-13      

---- VAR mu_sellCap  

          LOWER          LEVEL          UPPER         MARGINAL

r1        -INF           -5.0000        +INF      1.114842E-11      
r2        -INF           -1.5000        +INF      -9.66338E-13      
r3        -INF           -1.0000        +INF      -5.68434E-13      

---- VAR mu_prodCap_low  

          LOWER          LEVEL          UPPER         MARGINAL

r1          .              .            +INF           50.0000      
r2          .              .            +INF          100.0000      
r3          .              .            +INF          200.0000      

---- VAR mu_prodCap_up  

          LOWER          LEVEL          UPPER         MARGINAL

r1          .            13.0000        +INF      -1.12337E-11      
r2          .            11.5000        +INF      9.237056E-13      
r3          .            16.0000        +INF      4.831691E-13      

---- VAR price  

          LOWER          LEVEL          UPPER         MARGINAL

r1        -INF           -0.5000        +INF      -3.59490E-13      
r2        -INF      -5.77659E-13        +INF      -6.35633E-13      
r3        -INF           -3.0000        +INF      -7.30083E-13      


**** REPORT SUMMARY :        0     NONOPT
                             0 INFEASIBLE
                             0  UNBOUNDED
                             0  REDEFINED
                             0     ERRORS


EXECUTION TIME       =        0.031 SECONDS      4 MB  46.2.0 ac4adda6 WEX-WEI


USER: Course License                                 S240430|0002AO-GEN
      TU Dresden, Business Management and Economics             DCE3456
      License for teaching and research at degree granting institutions


**** FILE SUMMARY

Input      C:\Users\sebas\Documents\CloudDrive\Uni\SS24\ResEco\gamsFiles\ownFiles\selfMadeOilMarket.gms
Output     C:\Users\sebas\Documents\CloudDrive\Uni\SS24\ResEco\gamsFiles\ownFiles\selfMadeOilMarket.lst
