GAMS 46.2.0  ac4adda6 Mar 5, 2024           WEX-WEI x86 64bit/MS Windows - 07/08/24 00:27:57 Page 1
G e n e r a l   A l g e b r a i c   M o d e l i n g   S y s t e m
C o m p i l a t i o n


INCLUDE    C:\Users\sebas\Documents\CloudDrive\Uni\SS24\ResEco\gamsFiles\ownFiles\testData.gms
   2   
   3   
   4  Sets
   5   
   6  region                   /r1*r2/
   7   
   8  alias(region, supplier)
   9  alias(region,regionB)
  10  ;
  11   
  12   
  13   
  14   
  15   
  16  Parameter
  17  *baseUtility(region)                     /r1  60, r2  60, r3 0/
  18  MaxConsumption(region)                  /r1  100, r2  100/
  19   
  20  ProductionCosts(supplier)               /r1  8, r2  10/
  21  ProductionCap(supplier)                 /r1  10, r2  0/
  22  SlopeDemand(region)                     /r1 -1, r2 -1/
  23  ;
  24   
  25   
  26  Parameter Table
  27  TransportationCosts(region, regionB)
  28      r1      r2
  29  r1  0       1
  30  r2  1       0
  31   
  32  ;
  33   
  34  Parameter Table
  35  TransportationCap(supplier, regionB)
  36      r1      r2
  37  r1  50      50
  38  r2  50      50
  39   
  40  ;
  41  *$include realData.gms
  42   
  43  Positive Variable
  44   
  45   
  46   
  47  quantities_sold(supplier, region)
  48  quantities_prod(supplier)
  49   
  50  mu_transCap
  51   
  52   
  53  mu_prodCap
  54   
  55   
  56  price(region)
  57   
  58  ;
  59   
  60   
  61  Variable
  62  mu_massBal
  63  ;
  64   
  65  Equations
  66   
  67   
  68  *demand
      maxConsumer
      con_consumer_low
      con_consumer_up
  74   
  75  *supplier
  76  maxSupplier_q_sell
  77  maxSupplier_q_prod
  78  con_supplier_transCap
  79  con_supplier_massBal
  80  con_supplier_prodCap
  81  *overall
  82  *balanceEqu
  83  price_EQ
  84  ;
  85   
  86  *demand
      maxConsumer(region)..                           price(region) - baseUtility(region) + Mu_de_low(region) - Mu_de_up(region) =e= 0;
      con_consumer_low(region)..                      quantities_demand(region) =g= 0;
      con_consumer_up(region)..                       MaxConsumption(region) - quantities_demand(region) =g= 0;
  92  *supplier
  93  * profit = -(q_sold * price)
  94  * profit = -price
  95   
  96   
  97  maxSupplier_q_sell(supplier, region)..          0 =e=
  98                                                  - ( - (MaxConsumption(region) + SlopeDemand(region) * sum(regionB, quantities_sold(regionB, region)))
  99                                                 - TransportationCosts(supplier, region)
 100                                                  - quantities_sold(supplier, region) * SlopeDemand(region)
 101                                                  - mu_transCap(supplier, region)
 102                                                  - mu_massBal(supplier)
 103                                                  );
      profit =    transCost(region)
                  - (IntersectionPoint(region) + slope * \sum q_sell(supplier))
                  - q_sell * (slope(region))
       
 110   
 111  maxSupplier_q_prod(supplier)..                  - ( - ProductionCosts(supplier)
 112                                                  - mu_prodCap(supplier)
 113                                                  + mu_massBal(supplier))
 114                                                  =e= 0;
 115   
 116  *transCap
 117   
 118  con_supplier_transCap(supplier, region)..      TransportationCap(supplier, region) - quantities_sold(supplier,region) =g= 0;
 119   
 120  *massBal
 121  con_supplier_massBal(supplier)..               ProductionCap(supplier) - sum((region), quantities_sold(supplier, region)) =e= 0;
 122   
 123  *prodCap
 124  con_supplier_prodCap(supplier)..               ProductionCap(supplier) - quantities_prod(supplier)=g= 0;
 125   
 126  *overall
 127  *balanceEqu(region)..                            sum((supplier), quantities_sold(supplier, region)) - quantities_demand(region) =e= 0;
 128  price_EQ(region)..                              price(region) =e= MaxConsumption(region) + SlopeDemand(region) * sum(supplier, quantities_sold(supplier, region));
 129  model cournot /
 130  *balanceEqu.price,
 131  price_EQ.price,
 132  *demand
      maxConsumer.quantities_demand,
      con_consumer_low.Mu_de_low,
      con_consumer_up.Mu_de_up,
 138  *supplier
 139  maxSupplier_q_sell.quantities_sold,
 140  maxSupplier_q_prod.quantities_prod,
 141  *transCap
 142  con_supplier_transCap.mu_transCap,
 143  *sellCap
 144  con_supplier_massBal.mu_massBal,
 145  *prodCap
 146  con_supplier_prodCap.mu_prodCap
 147   
 148  /;
 149  Solve cournot using mcp;
GAMS 46.2.0  ac4adda6 Mar 5, 2024           WEX-WEI x86 64bit/MS Windows - 07/08/24 00:27:57 Page 2
G e n e r a l   A l g e b r a i c   M o d e l i n g   S y s t e m
Include File Summary


   SEQ   GLOBAL TYPE      PARENT   LOCAL  FILENAME

     1        1 INPUT          0       0  C:\Users\sebas\Documents\CloudDrive\Uni\SS24\ResEco\gamsFiles\ownFiles\selfMadeOilMarket.gms
     2        1 INCLUDE        1       1  .C:\Users\sebas\Documents\CloudDrive\Uni\SS24\ResEco\gamsFiles\ownFiles\testData.gms


COMPILATION TIME     =        0.000 SECONDS      3 MB  46.2.0 ac4adda6 WEX-WEI
GAMS 46.2.0  ac4adda6 Mar 5, 2024           WEX-WEI x86 64bit/MS Windows - 07/08/24 00:27:57 Page 3
G e n e r a l   A l g e b r a i c   M o d e l i n g   S y s t e m
Equation Listing    SOLVE cournot Using MCP From line 149


---- price_EQ  =E=  

price_EQ(r1)..  quantities_sold(r1,r1) + quantities_sold(r2,r1) + price(r1) =E= 100 ; (LHS = 0, INFES = 100 ****)
     
price_EQ(r2)..  quantities_sold(r1,r2) + quantities_sold(r2,r2) + price(r2) =E= 100 ; (LHS = 0, INFES = 100 ****)
     

---- maxSupplier_q_sell  =E=  

maxSupplier_q_sell(r1,r1)..  2*quantities_sold(r1,r1) + quantities_sold(r2,r1) - mu_transCap(r1,r1) - mu_massBal(r1) =E= 100 ; (LHS = 0, INFES = 100 ****)
     
maxSupplier_q_sell(r1,r2)..  2*quantities_sold(r1,r2) + quantities_sold(r2,r2) - mu_transCap(r1,r2) - mu_massBal(r1) =E= 101 ; (LHS = 0, INFES = 101 ****)
     
maxSupplier_q_sell(r2,r1)..  quantities_sold(r1,r1) + 2*quantities_sold(r2,r1) - mu_transCap(r2,r1) - mu_massBal(r2) =E= 101 ; (LHS = 0, INFES = 101 ****)
     
REMAINING ENTRY SKIPPED


---- maxSupplier_q_prod  =E=  

maxSupplier_q_prod(r1)..  mu_prodCap(r1) - mu_massBal(r1) =E= -8 ; (LHS = 0, INFES = 8 ****)
     
maxSupplier_q_prod(r2)..  mu_prodCap(r2) - mu_massBal(r2) =E= -10 ; (LHS = 0, INFES = 10 ****)
     

---- con_supplier_transCap  =G=  

con_supplier_transCap(r1,r1)..  - quantities_sold(r1,r1) =G= -50 ; (LHS = 0)
     
con_supplier_transCap(r1,r2)..  - quantities_sold(r1,r2) =G= -50 ; (LHS = 0)
     
con_supplier_transCap(r2,r1)..  - quantities_sold(r2,r1) =G= -50 ; (LHS = 0)
     
REMAINING ENTRY SKIPPED


---- con_supplier_massBal  =E=  

con_supplier_massBal(r1)..  - quantities_sold(r1,r1) - quantities_sold(r1,r2) =E= -10 ; (LHS = 0, INFES = 10 ****)
     
con_supplier_massBal(r2)..  - quantities_sold(r2,r1) - quantities_sold(r2,r2) =E= 0 ; (LHS = 0)
     

---- con_supplier_prodCap  =G=  

con_supplier_prodCap(r1)..  - quantities_prod(r1) =G= -10 ; (LHS = 0)
     
con_supplier_prodCap(r2)..  - quantities_prod(r2) =G= 0 ; (LHS = 0)
     
GAMS 46.2.0  ac4adda6 Mar 5, 2024           WEX-WEI x86 64bit/MS Windows - 07/08/24 00:27:57 Page 4
G e n e r a l   A l g e b r a i c   M o d e l i n g   S y s t e m
Column Listing      SOLVE cournot Using MCP From line 149


---- quantities_sold  

quantities_sold(r1,r1)
                (.LO, .L, .UP, .M = 0, 0, +INF, 0)
        1       price_EQ(r1)
        2       maxSupplier_q_sell(r1,r1)
        1       maxSupplier_q_sell(r2,r1)
       -1       con_supplier_transCap(r1,r1)
       -1       con_supplier_massBal(r1)

quantities_sold(r1,r2)
                (.LO, .L, .UP, .M = 0, 0, +INF, 0)
        1       price_EQ(r2)
        2       maxSupplier_q_sell(r1,r2)
        1       maxSupplier_q_sell(r2,r2)
       -1       con_supplier_transCap(r1,r2)
       -1       con_supplier_massBal(r1)

quantities_sold(r2,r1)
                (.LO, .L, .UP, .M = 0, 0, +INF, 0)
        1       price_EQ(r1)
        1       maxSupplier_q_sell(r1,r1)
        2       maxSupplier_q_sell(r2,r1)
       -1       con_supplier_transCap(r2,r1)
       -1       con_supplier_massBal(r2)

REMAINING ENTRY SKIPPED

---- quantities_prod  

quantities_prod(r1)
                (.LO, .L, .UP, .M = 0, 0, +INF, 0)
       -1       con_supplier_prodCap(r1)

quantities_prod(r2)
                (.LO, .L, .UP, .M = 0, 0, +INF, 0)
       -1       con_supplier_prodCap(r2)


---- mu_transCap  

mu_transCap(r1,r1)
                (.LO, .L, .UP, .M = 0, 0, +INF, 0)
       -1       maxSupplier_q_sell(r1,r1)

mu_transCap(r1,r2)
                (.LO, .L, .UP, .M = 0, 0, +INF, 0)
       -1       maxSupplier_q_sell(r1,r2)

mu_transCap(r2,r1)
                (.LO, .L, .UP, .M = 0, 0, +INF, 0)
       -1       maxSupplier_q_sell(r2,r1)

REMAINING ENTRY SKIPPED

---- mu_prodCap  

mu_prodCap(r1)
                (.LO, .L, .UP, .M = 0, 0, +INF, 0)
        1       maxSupplier_q_prod(r1)

mu_prodCap(r2)
                (.LO, .L, .UP, .M = 0, 0, +INF, 0)
        1       maxSupplier_q_prod(r2)


---- price  

price(r1)
                (.LO, .L, .UP, .M = 0, 0, +INF, 0)
        1       price_EQ(r1)

price(r2)
                (.LO, .L, .UP, .M = 0, 0, +INF, 0)
        1       price_EQ(r2)


---- mu_massBal  

mu_massBal(r1)
                (.LO, .L, .UP, .M = -INF, 0, +INF, 0)
       -1       maxSupplier_q_sell(r1,r1)
       -1       maxSupplier_q_sell(r1,r2)
       -1       maxSupplier_q_prod(r1)

mu_massBal(r2)
                (.LO, .L, .UP, .M = -INF, 0, +INF, 0)
       -1       maxSupplier_q_sell(r2,r1)
       -1       maxSupplier_q_sell(r2,r2)
       -1       maxSupplier_q_prod(r2)

GAMS 46.2.0  ac4adda6 Mar 5, 2024           WEX-WEI x86 64bit/MS Windows - 07/08/24 00:27:57 Page 5
G e n e r a l   A l g e b r a i c   M o d e l i n g   S y s t e m
Range Statistics    SOLVE cournot Using MCP From line 149


RANGE STATISTICS (ABSOLUTE NON-ZERO FINITE VALUES)

RHS       [min, max] : [ 8.000E+00, 1.010E+02] - Zero values observed as well
Bound     [min, max] : [        NA,        NA] - Zero values observed as well
Matrix    [min, max] : [ 1.000E+00, 2.000E+00]

GAMS 46.2.0  ac4adda6 Mar 5, 2024           WEX-WEI x86 64bit/MS Windows - 07/08/24 00:27:57 Page 6
G e n e r a l   A l g e b r a i c   M o d e l i n g   S y s t e m
Model Statistics    SOLVE cournot Using MCP From line 149


MODEL STATISTICS

BLOCKS OF EQUATIONS           6     SINGLE EQUATIONS           16
BLOCKS OF VARIABLES           6     SINGLE VARIABLES           16
NON ZERO ELEMENTS            36     NON LINEAR N-Z              0
CODE LENGTH                   0     CONSTANT POOL              16


GENERATION TIME      =        0.000 SECONDS      4 MB  46.2.0 ac4adda6 WEX-WEI
GAMS 46.2.0  ac4adda6 Mar 5, 2024           WEX-WEI x86 64bit/MS Windows - 07/08/24 00:27:57 Page 7
G e n e r a l   A l g e b r a i c   M o d e l i n g   S y s t e m
Solution Report     SOLVE cournot Using MCP From line 149


               S O L V E      S U M M A R Y

     MODEL   cournot             
     TYPE    MCP                 
     SOLVER  PATH                FROM LINE  149

**** SOLVER STATUS     1 Normal Completion
**** MODEL STATUS      1 Optimal

 RESOURCE USAGE, LIMIT          0.000 10000000000.000
 ITERATION COUNT, LIMIT         0    2147483647
 EVALUATION ERRORS              0             0
16 row/cols, 36 non-zeros, 14.06% dense.

Path 5.0.07 (Tue Mar  5 04:38:27 2024)
Written by Todd Munson, Steven Dirkse, Youngdae Kim, and Michael Ferris

INITIAL POINT STATISTICS
Maximum of X. . . . . . . . . .  0.0000e+00 var: (quantities_sold(r1,r1))
Maximum of F. . . . . . . . . .  1.0100e+02 eqn: (maxSupplier_q_sell(r1,r2))
Maximum of Grad F . . . . . . .  2.0000e+00 eqn: (maxSupplier_q_sell(r1,r1))
                                            var: (quantities_sold(r1,r1))

INITIAL JACOBIAN NORM STATISTICS
Maximum Row Norm. . . . . . . .  5.0000e+00 eqn: (maxSupplier_q_sell(r1,r1))
Minimum Row Norm. . . . . . . .  1.0000e+00 eqn: (con_supplier_transCap(r1,r1))
Maximum Column Norm . . . . . .  5.0000e+00 var: (quantities_sold(r1,r1))
Minimum Column Norm . . . . . .  1.0000e+00 var: (mu_transCap(r1,r1))

FINAL STATISTICS
Inf-Norm of Complementarity . .  0.0000e+00 eqn: (maxSupplier_q_sell(r1,r1))
Inf-Norm of Normal Map. . . . .  0.0000e+00 eqn: (maxSupplier_q_sell(r1,r1))
Inf-Norm of Minimum Map . . . .  0.0000e+00 eqn: (maxSupplier_q_sell(r1,r1))
Inf-Norm of Fischer Function. .  0.0000e+00 eqn: (maxSupplier_q_sell(r1,r1))
Inf-Norm of Grad Fischer Fcn. .  0.0000e+00 eqn: (maxSupplier_q_sell(r1,r1))
Two-Norm of Grad Fischer Fcn. .  0.0000e+00

FINAL POINT STATISTICS
Maximum of X. . . . . . . . . .  9.6250e+01 var: (mu_massBal(r2))
Maximum of F. . . . . . . . . .  5.0000e+01 eqn: (con_supplier_transCap(r2,r1))
Maximum of Grad F . . . . . . .  2.0000e+00 eqn: (maxSupplier_q_sell(r1,r1))
                                            var: (quantities_sold(r1,r1))


---- EQU price_EQ  

          LOWER          LEVEL          UPPER         MARGINAL

r1       100.0000       100.0000       100.0000        95.2500      
r2       100.0000       100.0000       100.0000        94.7500      

---- EQU maxSupplier_q_sell  

             LOWER          LEVEL          UPPER         MARGINAL

r1.r1       100.0000       100.0000       100.0000         4.7500      
r1.r2       101.0000       101.0000       101.0000         5.2500      
r2.r1       101.0000       101.0000       101.0000          .          
r2.r2       100.0000       101.5000       100.0000          .     REDEF

---- EQU maxSupplier_q_prod  

          LOWER          LEVEL          UPPER         MARGINAL

r1        -8.0000        90.5000        -8.0000          .     REDEF
r2       -10.0000        96.2500       -10.0000          .     REDEF

---- EQU con_supplier_transCap  

             LOWER          LEVEL          UPPER         MARGINAL

r1.r1       -50.0000        -4.7500        +INF             .          
r1.r2       -50.0000        -5.2500        +INF             .          
r2.r1       -50.0000          .            +INF             .          
r2.r2       -50.0000          .            +INF             .          

---- EQU con_supplier_massBal  

          LOWER          LEVEL          UPPER         MARGINAL

r1       -10.0000       -10.0000       -10.0000       -90.5000      
r2          .              .              .           -96.2500      

---- EQU con_supplier_prodCap  

          LOWER          LEVEL          UPPER         MARGINAL

r1       -10.0000          .            +INF             .          
r2          .              .            +INF             .          

---- VAR quantities_sold  

             LOWER          LEVEL          UPPER         MARGINAL

r1.r1          .             4.7500        +INF             .          
r1.r2          .             5.2500        +INF             .          
r2.r1          .              .            +INF             .          
r2.r2          .              .            +INF            1.5000      

---- VAR quantities_prod  

          LOWER          LEVEL          UPPER         MARGINAL

r1          .              .            +INF           98.5000      
r2          .              .            +INF          106.2500      

---- VAR mu_transCap  

             LOWER          LEVEL          UPPER         MARGINAL

r1.r1          .              .            +INF           45.2500      
r1.r2          .              .            +INF           44.7500      
r2.r1          .              .            +INF           50.0000      
r2.r2          .              .            +INF           50.0000      

---- VAR mu_prodCap  

          LOWER          LEVEL          UPPER         MARGINAL

r1          .              .            +INF           10.0000      
r2          .              .            +INF             .          

---- VAR price  

          LOWER          LEVEL          UPPER         MARGINAL

r1          .            95.2500        +INF             .          
r2          .            94.7500        +INF             .          

---- VAR mu_massBal  

          LOWER          LEVEL          UPPER         MARGINAL

r1        -INF          -90.5000        +INF             .          
r2        -INF          -96.2500        +INF             .          


**** REPORT SUMMARY :        0     NONOPT
                             0 INFEASIBLE
                             0  UNBOUNDED
                             3  REDEFINED (REDEF)
                             0     ERRORS


EXECUTION TIME       =        0.031 SECONDS      4 MB  46.2.0 ac4adda6 WEX-WEI


USER: Course License                                 S240430|0002AO-GEN
      TU Dresden, Business Management and Economics             DCE3456
      License for teaching and research at degree granting institutions


**** FILE SUMMARY

Input      C:\Users\sebas\Documents\CloudDrive\Uni\SS24\ResEco\gamsFiles\ownFiles\selfMadeOilMarket.gms
Output     C:\Users\sebas\Documents\CloudDrive\Uni\SS24\ResEco\gamsFiles\ownFiles\selfMadeOilMarket.lst
