GAMS 46.2.0  ac4adda6 Mar 5, 2024           WEX-WEI x86 64bit/MS Windows - 06/27/24 17:52:20 Page 1
G e n e r a l   A l g e b r a i c   M o d e l i n g   S y s t e m
C o m p i l a t i o n


   1  *$include testData.gms
INCLUDE    C:\Users\sebas\Documents\CloudDrive\Uni\SS24\ResEco\gamsFiles\ownFiles\realData.gms
       
      $call gdxxrw.exe ModelInputData.xlsx par=region rng=Tabelle1!A1:A7 dim=1 cdim=1 rdim=0 log=region.txt
      Set region
      $gdxIn ModelInputData.gdx
      $load region
      $gdxIn
      ;
       
  13   
  14   
  15  Sets
  16  region                      /NorthAmerica,EU,Russia,OPEC,FarEast/
  17  supplier(region)            /NorthAmerica,EU,Russia,OPEC,FarEast/
  18  alias(region,regionB)
  19  ;
  20   
  21   
  22   
  24  Parameter SlopeDemand(region)
GDXIN   C:\Users\sebas\Documents\CloudDrive\Uni\SS24\ResEco\gamsFiles\ownFiles\ModelInputData.gdx
--- LOAD  SlopeDemand = 1:SlopeDemand
  28  ;
  29   
  31  Parameter MaxConsumption(region)
GDXIN   C:\Users\sebas\Documents\CloudDrive\Uni\SS24\ResEco\gamsFiles\ownFiles\ModelInputData.gdx
--- LOAD  MaxConsumption = 1:MaxConsumption
  35  ;
  36   
  37   
  39  Parameter ProductionCosts(region)
GDXIN   C:\Users\sebas\Documents\CloudDrive\Uni\SS24\ResEco\gamsFiles\ownFiles\ModelInputData.gdx
--- LOAD  ProductionCosts = 1:ProductionCosts
  43  ;
  44   
  46  Parameter ProductionCap(region)
GDXIN   C:\Users\sebas\Documents\CloudDrive\Uni\SS24\ResEco\gamsFiles\ownFiles\ModelInputData.gdx
--- LOAD  ProductionCap = 1:ProductionCap
  50  ;
  51   
  53  Parameter TransportationCosts(region, regionB)
GDXIN   C:\Users\sebas\Documents\CloudDrive\Uni\SS24\ResEco\gamsFiles\ownFiles\ModelInputData.gdx
--- LOAD  TransportationCosts = 1:TransportationCosts
  57  ;
  58   
  60  Parameter TransportationCap(supplier, region)
GDXIN   C:\Users\sebas\Documents\CloudDrive\Uni\SS24\ResEco\gamsFiles\ownFiles\ModelInputData.gdx
--- LOAD  TransportationCap = 1:TransportationCap
  64  ;
  65   
  66   
  67   
  68   
  69  Positive Variable
  70  transport(region, regionB)
  71  *is supplier here necessary?
  72  Variables
  73  quantities_demand(region)
  74  consumerSurplus(region)
  75  Mu_de_low(region)
  76  Mu_de_up(region)
  77   
  78  quantities_sold(supplier, region)
  79  quantities_prod(supplier)
  80   
  81  mu_transCap_low
  82  mu_transCap_up
  83   
  84  mu_sellCap
  85   
  86  mu_prodCap_low
  87  mu_prodCap_up
  88   
  89  price(region)
  90   
  91  ;
  92   
  93  Mu_de_low.lo(region)  = 0;
  94  Mu_de_up.lo(region)  = 0;
  95   
  96  mu_transCap_low.lo(supplier, region)  = 0;
  97  mu_transCap_up.lo(supplier, region)  = 0;
  98   
  99  mu_prodCap_low.lo(supplier)  = 0;
 100  mu_prodCap_up.lo(supplier)  = 0;
 101   
 102   
 103  Variable
 104  mu_sellCap
 105   
 106  ;
 107  Equations
 108   
 109   
 110  *demand
      maxConsumer
      con_consumer_low
      con_consumer_up
 116   
 117  *supplier
 118  maxSupplier_q_sell
 119  maxSupplier_q_prod
 120  con_supplier_transCap_low(supplier, region)
 121  con_supplier_transCap_up(supplier, region)
 122   
 123  con_supplier_sellCap(supplier)
 124   
 125  con_supplier_prodCap_low(supplier)
 126  con_supplier_prodCap_up(supplier)
 127   
 128  *overall
 129  *balanceEqu
 130  price_EQ
 131  ;
 132   
 133  *demand
      maxConsumer(region)..                           price(region) - baseUtility(region) + Mu_de_low(region) - Mu_de_up(region) =e= 0;
      con_consumer_low(region)..                      quantities_demand(region) =g= 0;
      con_consumer_up(region)..                       MaxConsumption(region) - quantities_demand(region) =g= 0;
 139  *supplier
 140   
 141  maxSupplier_q_sell(supplier, region)..          (TransportationCosts(supplier, region)/1000-price(region))
 142                                                  + mu_transCap_low(supplier, region)
 143                                                  - mu_transCap_up(supplier, region)
 144                                                  + mu_sellCap(supplier)
 145                                                  =e= 0;
 146   
 147  maxSupplier_q_prod(supplier)..                  ProductionCosts(supplier)
 148                                                  -mu_sellCap(supplier)
 149                                                  +mu_prodCap_low(supplier)
 150                                                  -mu_prodCap_up(supplier)
 151                                                  =e= 0;
 152   
 153  *transCap
 154  con_supplier_transCap_low(supplier, region)..     quantities_sold(supplier,region) =g= 0;
 155  con_supplier_transCap_up(supplier, region)..      TransportationCap(supplier, region) - quantities_sold(supplier,region) =g= 0;
 156  *sellCap
 157   
 158  con_supplier_sellCap(supplier)..                    quantities_prod(supplier) - sum((region), quantities_sold(supplier, region)) =g= 0;
 159  *prodCap
 160  con_supplier_prodCap_low(supplier)..              quantities_prod(supplier) =g= 0;
 161  con_supplier_prodCap_up(supplier)..               ProductionCap(supplier) - quantities_prod(supplier)=g= 0;
 162   
 163  *overall
 164  *balanceEqu(region)..                            sum((supplier), quantities_sold(supplier, region)) - quantities_demand(region) =e= 0;
 165  price_EQ(region)..                              price(region) =e= MaxConsumption(region) + SlopeDemand(region)*sum(supplier, quantities_sold(supplier, region));
 166  model cournot /
 167  *balanceEqu.price,
 168  price_EQ.price,
 169  *demand
      maxConsumer.quantities_demand,
      con_consumer_low.Mu_de_low,
      con_consumer_up.Mu_de_up,
 175  *supplier
 176  maxSupplier_q_sell.quantities_sold,
 177  maxSupplier_q_prod.quantities_prod,
 178  *transCap
 179  con_supplier_transCap_low.mu_transCap_low,
 180  con_supplier_transCap_up.mu_transCap_up,
 181  *sellCap
 182   
 183  con_supplier_sellCap.mu_sellCap,
 184  *prodCap
 185  con_supplier_prodCap_low.mu_prodCap_low,
 186  con_supplier_prodCap_up.mu_prodCap_up
 187  /;
 188   
 189  Solve cournot using mcp;
GAMS 46.2.0  ac4adda6 Mar 5, 2024           WEX-WEI x86 64bit/MS Windows - 06/27/24 17:52:20 Page 2
G e n e r a l   A l g e b r a i c   M o d e l i n g   S y s t e m
Include File Summary


   SEQ   GLOBAL TYPE      PARENT   LOCAL  FILENAME

     1        1 INPUT          0       0  C:\Users\sebas\Documents\CloudDrive\Uni\SS24\ResEco\gamsFiles\ownFiles\selfMadeOilMarket.gms
     2        2 INCLUDE        1       2  .C:\Users\sebas\Documents\CloudDrive\Uni\SS24\ResEco\gamsFiles\ownFiles\realData.gms
     3       23 CALL           2      21  .gdxxrw.exe ModelInputData.xlsx par=SlopeDemand rng=Tabelle1!A2:C7 dim=1 cdim=0 rdim=1 log=SlopeDemand.txt
     4       25 GDXIN          2      23  .C:\Users\sebas\Documents\CloudDrive\Uni\SS24\ResEco\gamsFiles\ownFiles\ModelInputData.gdx
     5       30 CALL           2      28  .gdxxrw.exe ModelInputData.xlsx par=MaxConsumption rng=Tabelle1!A28:B32 dim=1 cdim=0 rdim=1 log=MaxConsumption.txt
     6       32 GDXIN          2      30  .C:\Users\sebas\Documents\CloudDrive\Uni\SS24\ResEco\gamsFiles\ownFiles\ModelInputData.gdx
     7       38 CALL           2      36  .gdxxrw.exe ModelInputData.xlsx par=ProductionCosts rng=Tabelle1!A19:B23 dim=1 cdim=0 rdim=1 log=ProductionCosts.txt
     8       40 GDXIN          2      38  .C:\Users\sebas\Documents\CloudDrive\Uni\SS24\ResEco\gamsFiles\ownFiles\ModelInputData.gdx
     9       45 CALL           2      43  .gdxxrw.exe ModelInputData.xlsx par=ProductionCap rng=Tabelle1!A38:B42 dim=1 cdim=0 rdim=1 log=ProductionCap.txt
    10       47 GDXIN          2      45  .C:\Users\sebas\Documents\CloudDrive\Uni\SS24\ResEco\gamsFiles\ownFiles\ModelInputData.gdx
    11       52 CALL           2      50  .gdxxrw.exe ModelInputData.xlsx par=TransportationCosts rng=Tabelle1!A10:F15 dim=2 cdim=1 rdim=1 log=TransportationCosts.txt
    12       54 GDXIN          2      52  .C:\Users\sebas\Documents\CloudDrive\Uni\SS24\ResEco\gamsFiles\ownFiles\ModelInputData.gdx
    13       59 CALL           2      57  .gdxxrw.exe ModelInputData.xlsx par=TransportationCap rng=Tabelle1!A47:F52 dim=2 cdim=1 rdim=1 log=TransportationCap.txt
    14       61 